// Jest Snapshot v1, https://goo.gl/fbAQLP

exports[`Select Render snapshot 1`] = `
<label
  className="flex flex-col space-y-2"
>
  <span
    className="input-label"
  />
  <select
    className="rounded-md px-4 py-2 bg-gray-100 dark:bg-gray-900 dark:text-white shadow focus:outline-none focus:ring focus:border-indigo-400"
    onChange={[Function]}
  >
    <optgroup
      label="values"
    >
      <option
        value="1"
      >
        1
      </option>
      <option
        value="2"
      >
        2
      </option>
    </optgroup>
  </select>
</label>
`;
