// Jest Snapshot v1, https://goo.gl/fbAQLP

exports[`Toggle Render snapshot 1`] = `
<label
  className="switch relative inline-block w-16 h-9"
>
  <input
    type="checkbox"
  />
  <span
    className="slider"
  />
</label>
`;
